04:16:38 **** Build of configuration Debug for project testowy_proj1 ****
make all 
'Building file: ../src/helloworld.c'
'Invoking: MicroBlaze gcc compiler'
mb-gcc -Wall -O0 -g3 -c -fmessage-length=0 -MT"src/helloworld.o" -I../../testowy_proj1_bsp/microblaze_0/include -mlittle-endian -mxl-barrel-shift -mno-xl-soft-div -mcpu=v11.0 -mno-xl-soft-mul -Wl,--no-relax -ffunction-sections -fdata-sections -MMD -MP -MF"src/helloworld.d" -MT"src/helloworld.o" -o "src/helloworld.o" "../src/helloworld.c"
'Finished building: ../src/helloworld.c'
' '
'Building file: ../src/platform.c'
'Invoking: MicroBlaze gcc compiler'
mb-gcc -Wall -O0 -g3 -c -fmessage-length=0 -MT"src/platform.o" -I../../testowy_proj1_bsp/microblaze_0/include -mlittle-endian -mxl-barrel-shift -mno-xl-soft-div -mcpu=v11.0 -mno-xl-soft-mul -Wl,--no-relax -ffunction-sections -fdata-sections -MMD -MP -MF"src/platform.d" -MT"src/platform.o" -o "src/platform.o" "../src/platform.c"
'Finished building: ../src/platform.c'
' '
'Building target: testowy_proj1.elf'
'Invoking: MicroBlaze gcc linker'
mb-gcc -Wl,-T -Wl,../src/lscript.ld -L../../testowy_proj1_bsp/microblaze_0/lib -mlittle-endian -mxl-barrel-shift -mno-xl-soft-div -mcpu=v11.0 -mno-xl-soft-mul -Wl,--no-relax -Wl,--gc-sections -o "testowy_proj1.elf"  ./src/helloworld.o ./src/platform.o   -Wl,--start-group,-lxil,-lgcc,-lc,--end-group
'Finished building target: testowy_proj1.elf'
' '
'Invoking: MicroBlaze Print Size'
mb-size testowy_proj1.elf  |tee "testowy_proj1.elf.size"
   text	   data	    bss	    dec	    hex	filename
   2864	    312	   4128	   7304	   1c88	testowy_proj1.elf
'Finished building: testowy_proj1.elf.size'
' '

04:16:38 Build Finished (took 537ms)

