06:22:09 **** Incremental Build of configuration Debug for project testowy_proj1_bsp_xtmrctr_intr_example_1 ****
make all 
'Building file: ../src/xtmrctr_intr_example.c'
'Invoking: MicroBlaze gcc compiler'
mb-gcc -Wall -O0 -g3 -c -fmessage-length=0 -MT"src/xtmrctr_intr_example.o" -I../../testowy_proj1_bsp/microblaze_0/include -mlittle-endian -mxl-barrel-shift -mno-xl-soft-div -mcpu=v11.0 -mno-xl-soft-mul -Wl,--no-relax -ffunction-sections -fdata-sections -MMD -MP -MF"src/xtmrctr_intr_example.d" -MT"src/xtmrctr_intr_example.o" -o "src/xtmrctr_intr_example.o" "../src/xtmrctr_intr_example.c"
../src/xtmrctr_intr_example.c: In function 'dodaj':
../src/xtmrctr_intr_example.c:133:31: warning: implicit declaration of function 'abs' [-Wimplicit-function-declaration]
 #define sprawdz_dzialanie(x) (abs(x) > MAX_NUM)
                               ^~~
../src/xtmrctr_intr_example.c:252:5: note: in expansion of macro 'sprawdz_dzialanie'
  if(sprawdz_dzialanie(rejestr[0] + rejestr[1])){
     ^~~~~~~~~~~~~~~~~
../src/xtmrctr_intr_example.c: In function 'TmrCtrIntrExample':
../src/xtmrctr_intr_example.c:407:6: warning: unused variable 'LastTimerExpired' [-Wunused-variable]
  int LastTimerExpired = 0;
      ^~~~~~~~~~~~~~~~
../src/xtmrctr_intr_example.c: In function 'TimerCounterHandler':
../src/xtmrctr_intr_example.c:585:11: warning: unused variable 'InstancePtr' [-Wunused-variable]
  XTmrCtr *InstancePtr = (XTmrCtr *)CallBackRef;
           ^~~~~~~~~~~
../src/xtmrctr_intr_example.c: In function 'przygotuj_liczbe':
../src/xtmrctr_intr_example.c:331:3: warning: 'strncpy' output truncated copying 7 bytes from a string of length 8 [-Wstringop-truncation]
   strncpy(wyswietlacz, "000Error", DL_WYSWIETLACZA-1);
   ^~~~~~~~~~~~~~~~~~~~~~~~~~~~~~~~~~~~~~~~~~~~~~~~~~~
'Finished building: ../src/xtmrctr_intr_example.c'
' '
'Building target: testowy_proj1_bsp_xtmrctr_intr_example_1.elf'
'Invoking: MicroBlaze gcc linker'
mb-gcc -Wl,-T -Wl,../src/lscript.ld -L../../testowy_proj1_bsp/microblaze_0/lib -mlittle-endian -mxl-barrel-shift -mno-xl-soft-div -mcpu=v11.0 -mno-xl-soft-mul -Wl,--no-relax -Wl,--gc-sections -o "testowy_proj1_bsp_xtmrctr_intr_example_1.elf"  ./src/platform.o ./src/xtmrctr_intr_example.o   -Wl,--start-group,-lxil,-lgcc,-lc,--end-group
'Finished building target: testowy_proj1_bsp_xtmrctr_intr_example_1.elf'
' '
'Invoking: MicroBlaze Print Size'
mb-size testowy_proj1_bsp_xtmrctr_intr_example_1.elf  |tee "testowy_proj1_bsp_xtmrctr_intr_example_1.elf.size"
   text	   data	    bss	    dec	    hex	filename
  16464	    784	   4408	  21656	   5498	testowy_proj1_bsp_xtmrctr_intr_example_1.elf
'Finished building: testowy_proj1_bsp_xtmrctr_intr_example_1.elf.size'
' '

06:22:10 Build Finished (took 443ms)

