Copyright 1986-2022 Xilinx, Inc. All Rights Reserved. Copyright 2022-2024 Advanced Micro Devices, Inc. All Rights Reserved.
---------------------------------------------------------------------------------------------------------------------------------------------
| Tool Version : Vivado v.2024.2 (win64) Build 5239630 Fri Nov 08 22:35:27 MST 2024
| Date         : Sat Mar 29 20:30:34 2025
| Host         : DESKTOP-1GOTFFO running 64-bit major release  (build 9200)
| Command      : report_control_sets -verbose -file top_control_sets_placed.rpt
| Design       : top
| Device       : xc7a100t
---------------------------------------------------------------------------------------------------------------------------------------------

Control Set Information

Table of Contents
-----------------
1. Summary
2. Histogram
3. Flip-Flop Distribution
4. Detailed Control Set Information

1. Summary
----------

+----------------------------------------------------------+-------+
|                          Status                          | Count |
+----------------------------------------------------------+-------+
| Total control sets                                       |    21 |
|    Minimum number of control sets                        |    21 |
|    Addition due to synthesis replication                 |     0 |
|    Addition due to physical synthesis replication        |     0 |
| Unused register locations in slices containing registers |    72 |
+----------------------------------------------------------+-------+
* Control sets can be merged at opt_design using control_set_merge or merge_equivalent_drivers
** Run report_qor_suggestions for automated merging and remapping suggestions


2. Histogram
------------

+--------------------+-------+
|       Fanout       | Count |
+--------------------+-------+
| Total control sets |    21 |
| >= 0 to < 4        |     4 |
| >= 4 to < 6        |     6 |
| >= 6 to < 8        |     0 |
| >= 8 to < 10       |     2 |
| >= 10 to < 12      |     0 |
| >= 12 to < 14      |     5 |
| >= 14 to < 16      |     0 |
| >= 16              |     4 |
+--------------------+-------+
* Control sets can be remapped at either synth_design or opt_design


3. Flip-Flop Distribution
-------------------------

+--------------+-----------------------+------------------------+-----------------+--------------+
| Clock Enable | Synchronous Set/Reset | Asynchronous Set/Reset | Total Registers | Total Slices |
+--------------+-----------------------+------------------------+-----------------+--------------+
| No           | No                    | No                     |              81 |           29 |
| No           | No                    | Yes                    |               0 |            0 |
| No           | Yes                   | No                     |               0 |            0 |
| Yes          | No                    | No                     |              74 |           23 |
| Yes          | No                    | Yes                    |               0 |            0 |
| Yes          | Yes                   | No                     |             117 |           35 |
+--------------+-----------------------+------------------------+-----------------+--------------+


4. Detailed Control Set Information
-----------------------------------

+------------------+------------------------------------------------------------------------------------------+----------------------------------------------------------------+------------------+----------------+--------------+
|   Clock Signal   |                                       Enable Signal                                      |                        Set/Reset Signal                        | Slice Load Count | Bel Load Count | Bels / Slice |
+------------------+------------------------------------------------------------------------------------------+----------------------------------------------------------------+------------------+----------------+--------------+
|  clk_i_IBUF_BUFG | input_service/wr_en                                                                      | p_1_in                                                         |                1 |              1 |         1.00 |
|  clk_i_IBUF_BUFG | print_data_service/item_iter[0]_i_1_n_0                                                  |                                                                |                1 |              1 |         1.00 |
|  clk_i_IBUF_BUFG | print_data_service/data_to_send_o[3]_i_1_n_0                                             | print_data_service/data_to_send_o[6]_i_1_n_0                   |                1 |              3 |         3.00 |
|  clk_i_IBUF_BUFG | print_data_service/item_iter[0]_i_1_n_0                                                  | print_data_service/item_iter[1]_i_1_n_0                        |                2 |              3 |         1.50 |
|  clk_i_IBUF_BUFG | input_service/bit_cnt                                                                    |                                                                |                2 |              4 |         2.00 |
|  clk_i_IBUF_BUFG | output_service/bit_idx_cnt                                                               |                                                                |                2 |              4 |         2.00 |
|  clk_i_IBUF_BUFG | print_data_service/data_to_send_o[3]_i_1_n_0                                             |                                                                |                1 |              4 |         4.00 |
|  clk_i_IBUF_BUFG | print_data_service/print_frame_size[4]_i_2_n_0                                           | print_data_service/print_frame_size[4]_i_1_n_0                 |                3 |              4 |         1.33 |
|  clk_i_IBUF_BUFG | print_data_service/state[3]_i_1_n_0                                                      |                                                                |                2 |              4 |         2.00 |
|  clk_i_IBUF_BUFG | print_data_service/row_iter[3]_i_1_n_0                                                   |                                                                |                1 |              4 |         4.00 |
|  clk_i_IBUF_BUFG | input_service/recv_ASCII_o[7]_i_1_n_0                                                    |                                                                |                2 |              8 |         4.00 |
|  clk_i_IBUF_BUFG | print_data_service/send_request_o                                                        |                                                                |                3 |              8 |         2.67 |
|  clk_i_IBUF_BUFG | data_buffer/U0/inst_fifo_gen/gconvfifo.rf/grf.rf/gntv_or_sync_fifo.gl0.rd/grss.rsts/E[0] |                                                                |                3 |             12 |         4.00 |
|  clk_i_IBUF_BUFG | data_buffer/U0/inst_fifo_gen/gconvfifo.rf/grf.rf/gntv_or_sync_fifo.gl0.wr/gwss.wsts/E[0] |                                                                |                2 |             12 |         6.00 |
|  clk_i_IBUF_BUFG | print_data_service/print_frame_reg_0_31_0_5_i_1_n_0                                      |                                                                |                2 |             12 |         6.00 |
|  clk_i_IBUF_BUFG | input_service/bit_time_cnt                                                               | input_service/bit_time_cnt[13]_i_1_n_0                         |                4 |             13 |         3.25 |
|  clk_i_IBUF_BUFG | print_data_service/CONVERTER.read_rom_latency_cnt[0]_i_1_n_0                             |                                                                |                4 |             13 |         3.25 |
|  clk_i_IBUF_BUFG | print_data_service/CONVERTER.read_fifo_latency_cnt[31]_i_2_n_0                           | print_data_service/CONVERTER.read_fifo_latency_cnt[31]_i_1_n_0 |                8 |             31 |         3.88 |
|  clk_i_IBUF_BUFG | print_data_service/CONVERTER.read_rom_latency_cnt[0]_i_1_n_0                             | print_data_service/CONVERTER.read_rom_latency_cnt[31]_i_1_n_0  |                8 |             31 |         3.88 |
|  clk_i_IBUF_BUFG | print_data_service/empty_row_cnt[31]_i_2_n_0                                             | print_data_service/empty_row_cnt[31]_i_1_n_0                   |                8 |             31 |         3.88 |
|  clk_i_IBUF_BUFG |                                                                                          |                                                                |               29 |             81 |         2.79 |
+------------------+------------------------------------------------------------------------------------------+----------------------------------------------------------------+------------------+----------------+--------------+


